******************************************************************************
                  MSP430 Linker PC v4.1.1                      
******************************************************************************
>> Linked Tue Apr 30 15:44:09 2013

OUTPUT FILE NAME:   <GroundControl.out>
ENTRY POINT SYMBOL: "_c_int00"  address: 0000c8ca


MEMORY CONFIGURATION

         name            origin    length      used     unused   attr    fill
----------------------  --------  ---------  --------  --------  ----  --------
  SFR                   00000000   00000010  00000000  00000010  RWIX
  PERIPHERALS_8BIT      00000010   000000f0  00000000  000000f0  RWIX
  PERIPHERALS_16BIT     00000100   00000100  00000000  00000100  RWIX
  RAM                   00000200   00000200  00000079  00000187  RWIX
  INFOD                 00001000   00000040  00000000  00000040  RWIX
  INFOC                 00001040   00000040  00000000  00000040  RWIX
  INFOB                 00001080   00000040  00000000  00000040  RWIX
  INFOA                 000010c0   00000040  00000000  00000040  RWIX
  FLASH                 0000c000   00003fe0  00000ad2  0000350e  RWIX
  INT00                 0000ffe0   00000002  00000000  00000002  RWIX
  INT01                 0000ffe2   00000002  00000000  00000002  RWIX
  INT02                 0000ffe4   00000002  00000002  00000000  RWIX
  INT03                 0000ffe6   00000002  00000002  00000000  RWIX
  INT04                 0000ffe8   00000002  00000000  00000002  RWIX
  INT05                 0000ffea   00000002  00000002  00000000  RWIX
  INT06                 0000ffec   00000002  00000000  00000002  RWIX
  INT07                 0000ffee   00000002  00000000  00000002  RWIX
  INT08                 0000fff0   00000002  00000000  00000002  RWIX
  INT09                 0000fff2   00000002  00000000  00000002  RWIX
  INT10                 0000fff4   00000002  00000002  00000000  RWIX
  INT11                 0000fff6   00000002  00000000  00000002  RWIX
  INT12                 0000fff8   00000002  00000000  00000002  RWIX
  INT13                 0000fffa   00000002  00000000  00000002  RWIX
  INT14                 0000fffc   00000002  00000000  00000002  RWIX
  RESET                 0000fffe   00000002  00000002  00000000  RWIX


SECTION ALLOCATION MAP

 output                                  attributes/
section   page    origin      length       input sections
--------  ----  ----------  ----------   ----------------
.init_array 
*          0    0000c000    00000000     UNINITIALIZED

.data      0    00000200    00000026     
                  00000200    00000010     hal_digio2.obj (.data:port1_isr_tbl)
                  00000210    00000010     hal_digio2.obj (.data:port2_isr_tbl)
                  00000220    00000006     hal_int_rf_msp_exp430g2.obj (.data)

.TI.persistent 
*          0    00000200    00000000     UNINITIALIZED

.bss       0    00000226    00000003     UNINITIALIZED
                  00000226    00000002     main.obj (.bss)
                  00000228    00000001     hal_board.obj (.bss)

.TI.noinit 
*          0    00000226    00000000     UNINITIALIZED

.stack     0    000003b0    00000050     UNINITIALIZED
                  000003b0    00000002     rts430_eabi.lib : boot.obj (.stack)
                  000003b2    0000004e     --HOLE--

.text      0    0000c000    00000a38     
                  0000c000    000000d8     main.obj (.text:range)
                  0000c0d8    0000009a     main.obj (.text:runTX)
                  0000c172    00000086     main.obj (.text:main)
                  0000c1f8    00000074     hal_msp_exp430g2_spi.obj (.text:trxReadWriteBurstSingle)
                  0000c26c    0000006a     hal_digio2.obj (.text:port1_ISR)
                  0000c2d6    0000006a     hal_digio2.obj (.text:port2_ISR)
                  0000c340    0000006a     main.obj (.text:registerConfig)
                  0000c3aa    00000064     hal_digio2.obj (.text:halDigio2IntSetEdge)
                  0000c40e    00000064     hal_int_rf_msp_exp430g2.obj (.text:trxIsrConnect)
                  0000c472    0000005e     rts430_eabi.lib : copy_decompress_rle.obj (.text:__TI_decompress_rle_core)
                  0000c4d0    0000005e                     : autoinit.obj (.text:_auto_init)
                  0000c52e    00000050     main.obj (.text:readLED)
                  0000c57e    00000050     hal_int_rf_msp_exp430g2.obj (.text:trxClearIntFlag)
                  0000c5ce    00000050     hal_int_rf_msp_exp430g2.obj (.text:trxEnableInt)
                  0000c61e    0000004e     hal_msp_exp430g2_spi.obj (.text:exp430RfSpiInit)
                  0000c66c    0000004c     hal_digio2.obj (.text:halDigio2IntConnect)
                  0000c6b8    00000044     hal_msp_exp430g2_spi.obj (.text:trx8BitRegAccess)
                  0000c6fc    0000003a     main.obj (.text:readUpDown)
                  0000c736    00000036     hal_digio2.obj (.text:halDigio2IntClear)
                  0000c76c    00000036     hal_digio2.obj (.text:halDigio2IntEnable)
                  0000c7a2    00000030     main.obj (.text:readADC)
                  0000c7d2    0000002c     rts430_eabi.lib : lsl16.obj (.text)
                  0000c7fe    0000002c     hal_msp_exp430g2_spi.obj (.text:trxSpiCmdStrobe)
                  0000c82a    00000026     main.obj (.text:configureADC)
                  0000c850    00000026     main.obj (.text:configureMSP430)
                  0000c876    0000001c     hal_board.obj (.text:buttonPressedISR)
                  0000c892    0000001c     main.obj (.text:createPacket)
                  0000c8ae    0000001c     hal_board.obj (.text:halInitMCU)
                  0000c8ca    0000001a     rts430_eabi.lib : boot.obj (.text:_c_int00_noexit)
                  0000c8e4    0000001a     main.obj (.text:configureAIR)
                  0000c8fe    0000001a     hal_board.obj (.text:halButtonInit)
                  0000c918    0000001a     hal_board.obj (.text:halButtonInterruptEnable)
                  0000c932    00000014     hal_board.obj (.text:WDT_ISR)
                  0000c946    00000014     rts430_eabi.lib : copy_zero_init.obj (.text:decompress:ZI:__TI_zero_init)
                  0000c95a    00000014                     : memset.obj (.text:memset)
                  0000c96e    00000012     cc11xL_spi.obj (.text:cc11xLSpiWriteReg)
                  0000c980    00000012     cc11xL_spi.obj (.text:cc11xLSpiWriteTxFifo)
                  0000c992    00000012     rts430_eabi.lib : copy_decompress_none.obj (.text:decompress:none:__TI_decompress_none)
                  0000c9a4    00000012                     : memcpy.obj (.text:memcpy)
                  0000c9b6    00000010     main.obj (.text:readLeftJoystick)
                  0000c9c6    00000010     main.obj (.text:readRightJoystick)
                  0000c9d6    00000010     rts430_eabi.lib : epilog.obj (.text)
                  0000c9e6    0000000e     hal_board.obj (.text:halLedInit)
                  0000c9f4    0000000e     main.obj (.text:readDown)
                  0000ca02    0000000e     main.obj (.text:readUp)
                  0000ca10    0000000c     main.obj (.text:radioRxTxISR)
                  0000ca1c    00000008     main.obj (.text:ADC10_ISR)
                  0000ca24    00000006     rts430_eabi.lib : copy_decompress_rle.obj (.text:decompress:rle24:__TI_decompress_rle24)
                  0000ca2a    00000006     hal_board.obj (.text:halLedToggle)
                  0000ca30    00000004     rts430_eabi.lib : pre_init.obj (.text:_system_pre_init)
                  0000ca34    00000004                     : exit.obj (.text:abort)

.const     0    0000ca38    00000078     
                  0000ca38    00000058     main.obj (.const:preferredSettings)
                  0000ca90    0000000c     main.obj (.const:LEFTRANGE)
                  0000ca9c    0000000c     main.obj (.const:RIGHTRANGE)
                  0000caa8    00000008     main.obj (.const:.string:$P$T0$1)

.cinit     0    0000cab0    00000022     
                  0000cab0    0000000f     (.cinit..data.load) [load image, compression = rle]
                  0000cabf    00000001     --HOLE-- [fill = 0]
                  0000cac0    00000006     (__TI_handler_table)
                  0000cac6    00000004     (.cinit..bss.load) [load image, compression = zero_init]
                  0000caca    00000008     (__TI_cinit_table)

PORT1      0    0000ffe4    00000002     
                  0000ffe4    00000002     hal_digio2.obj (.int02)

PORT2      0    0000ffe6    00000002     
                  0000ffe6    00000002     hal_digio2.obj (.int03)

ADC10      0    0000ffea    00000002     
                  0000ffea    00000002     main.obj (.int05)

WDT        0    0000fff4    00000002     
                  0000fff4    00000002     hal_board.obj (.int10)

.reset     0    0000fffe    00000002     
                  0000fffe    00000002     rts430_eabi.lib : boot.obj (.reset)


LINKER GENERATED COPY TABLES

__TI_cinit_table @ 0000caca records: 2, size/record: 4, table size: 8
	.data: load addr=0000cab0, load size=0000000f bytes, run addr=00000200, run size=00000026 bytes, compression=rle
	.bss: load addr=0000cac6, load size=00000004 bytes, run addr=00000226, run size=00000003 bytes, compression=zero_init


LINKER GENERATED HANDLER TABLE

__TI_handler_table @ 0000cac0 records: 3, size/record: 2, table size: 6
	index: 0, handler: __TI_zero_init
	index: 1, handler: __TI_decompress_rle24
	index: 2, handler: __TI_decompress_none


GLOBAL SYMBOLS: SORTED ALPHABETICALLY BY Name 

address    name
--------   ----
0000004a   ADC10AE0
000001b0   ADC10CTL0
000001b2   ADC10CTL1
00000048   ADC10DTC0
00000049   ADC10DTC1
000001b4   ADC10MEM
000001bc   ADC10SA
0000ca1c   ADC10_ISR
00000057   BCSCTL1
00000058   BCSCTL2
00000053   BCSCTL3
0000ca34   C$$EXIT
00000059   CACTL1
0000005a   CACTL2
000010fb   CALBC1_12MHZ
000010f9   CALBC1_16MHZ
000010ff   CALBC1_1MHZ
000010fd   CALBC1_8MHZ
000010fa   CALDCO_12MHZ
000010f8   CALDCO_16MHZ
000010fe   CALDCO_1MHZ
000010fc   CALDCO_8MHZ
0000005b   CAPD
00000056   DCOCTL
00000128   FCTL1
0000012a   FCTL2
0000012c   FCTL3
00000000   IE1
00000001   IE2
00000002   IFG1
00000003   IFG2
00000227   LEDFLAG
0000ca90   LEFTRANGE
00000022   P1DIR
00000025   P1IE
00000024   P1IES
00000023   P1IFG
00000020   P1IN
00000021   P1OUT
00000027   P1REN
00000026   P1SEL
00000041   P1SEL2
0000002a   P2DIR
0000002d   P2IE
0000002c   P2IES
0000002b   P2IFG
00000028   P2IN
00000029   P2OUT
0000002f   P2REN
0000002e   P2SEL
00000042   P2SEL2
0000001a   P3DIR
00000018   P3IN
00000019   P3OUT
00000010   P3REN
0000001b   P3SEL
00000043   P3SEL2
0000ca9c   RIGHTRANGE
00000172   TA0CCR0
00000174   TA0CCR1
00000176   TA0CCR2
00000162   TA0CCTL0
00000164   TA0CCTL1
00000166   TA0CCTL2
00000160   TA0CTL
0000012e   TA0IV
00000170   TA0R
00000192   TA1CCR0
00000194   TA1CCR1
00000196   TA1CCR2
00000182   TA1CCTL0
00000184   TA1CCTL1
00000186   TA1CCTL2
00000180   TA1CTL
0000011e   TA1IV
00000190   TA1R
0000005d   UCA0ABCTL
00000062   UCA0BR0
00000063   UCA0BR1
00000060   UCA0CTL0
00000061   UCA0CTL1
0000005f   UCA0IRRCTL
0000005e   UCA0IRTCTL
00000064   UCA0MCTL
00000066   UCA0RXBUF
00000065   UCA0STAT
00000067   UCA0TXBUF
0000006a   UCB0BR0
0000006b   UCB0BR1
00000068   UCB0CTL0
00000069   UCB0CTL1
0000006c   UCB0I2CIE
00000118   UCB0I2COA
0000011a   UCB0I2CSA
0000006e   UCB0RXBUF
0000006d   UCB0STAT
0000006f   UCB0TXBUF
00000120   WDTCTL
0000c932   WDT_ISR
00000400   __STACK_END
00000050   __STACK_SIZE
0000caca   __TI_CINIT_Base
0000cad2   __TI_CINIT_Limit
0000cac0   __TI_Handler_Table_Base
0000cac6   __TI_Handler_Table_Limit
UNDEFED    __TI_INITARRAY_Base
UNDEFED    __TI_INITARRAY_Limit
00000001   __TI_args_main
0000c992   __TI_decompress_none
0000ca24   __TI_decompress_rle24
00000001   __TI_exit
0000c946   __TI_zero_init
ffffffff   __binit__
ffffffff   __c_args__
0000c9e2   __mspabi_func_epilog_1
0000c9e0   __mspabi_func_epilog_2
0000c9de   __mspabi_func_epilog_3
0000c9dc   __mspabi_func_epilog_4
0000c9da   __mspabi_func_epilog_5
0000c9d8   __mspabi_func_epilog_6
0000c9d6   __mspabi_func_epilog_7
0000c7d2   __mspabi_slli
0000c7fa   __mspabi_slli_1
0000c7e8   __mspabi_slli_10
0000c7e6   __mspabi_slli_11
0000c7e4   __mspabi_slli_12
0000c7e2   __mspabi_slli_13
0000c7e0   __mspabi_slli_14
0000c7de   __mspabi_slli_15
0000c7f8   __mspabi_slli_2
0000c7f6   __mspabi_slli_3
0000c7f4   __mspabi_slli_4
0000c7f2   __mspabi_slli_5
0000c7f0   __mspabi_slli_6
0000c7ee   __mspabi_slli_7
0000c7ec   __mspabi_slli_8
0000c7ea   __mspabi_slli_9
0000c4d0   _auto_init
0000c8ca   _c_int00
0000c8ca   _c_int00_noexit
0000fffe   _reset_vector
000003b0   _stack
0000ca30   _system_pre_init
0000ca34   abort
ffffffff   binit
0000c96e   cc11xLSpiWriteReg
0000c980   cc11xLSpiWriteTxFifo
0000c82a   configureADC
0000c8e4   configureAIR
0000c850   configureMSP430
0000c61e   exp430RfSpiInit
00000224   gpio0
00000222   gpio2
00000220   gpio3
0000c8fe   halButtonInit
0000c918   halButtonInterruptEnable
0000c736   halDigio2IntClear
0000c66c   halDigio2IntConnect
0000c76c   halDigio2IntEnable
0000c3aa   halDigio2IntSetEdge
0000c8ae   halInitMCU
0000c9e6   halLedInit
0000ca2a   halLedToggle
0000c172   main
0000c9a4   memcpy
0000c95a   memset
0000c26c   port1_ISR
0000c2d6   port2_ISR
0000c000   range
0000c7a2   readADC
0000c9f4   readDown
0000c52e   readLED
0000c9b6   readLeftJoystick
0000c9c6   readRightJoystick
0000ca02   readUp
0000c6fc   readUpDown
0000c6b8   trx8BitRegAccess
0000c57e   trxClearIntFlag
0000c5ce   trxEnableInt
0000c40e   trxIsrConnect
0000c7fe   trxSpiCmdStrobe


GLOBAL SYMBOLS: SORTED BY Symbol Address 

address    name
--------   ----
00000000   IE1
00000001   IE2
00000001   __TI_args_main
00000001   __TI_exit
00000002   IFG1
00000003   IFG2
00000010   P3REN
00000018   P3IN
00000019   P3OUT
0000001a   P3DIR
0000001b   P3SEL
00000020   P1IN
00000021   P1OUT
00000022   P1DIR
00000023   P1IFG
00000024   P1IES
00000025   P1IE
00000026   P1SEL
00000027   P1REN
00000028   P2IN
00000029   P2OUT
0000002a   P2DIR
0000002b   P2IFG
0000002c   P2IES
0000002d   P2IE
0000002e   P2SEL
0000002f   P2REN
00000041   P1SEL2
00000042   P2SEL2
00000043   P3SEL2
00000048   ADC10DTC0
00000049   ADC10DTC1
0000004a   ADC10AE0
00000050   __STACK_SIZE
00000053   BCSCTL3
00000056   DCOCTL
00000057   BCSCTL1
00000058   BCSCTL2
00000059   CACTL1
0000005a   CACTL2
0000005b   CAPD
0000005d   UCA0ABCTL
0000005e   UCA0IRTCTL
0000005f   UCA0IRRCTL
00000060   UCA0CTL0
00000061   UCA0CTL1
00000062   UCA0BR0
00000063   UCA0BR1
00000064   UCA0MCTL
00000065   UCA0STAT
00000066   UCA0RXBUF
00000067   UCA0TXBUF
00000068   UCB0CTL0
00000069   UCB0CTL1
0000006a   UCB0BR0
0000006b   UCB0BR1
0000006c   UCB0I2CIE
0000006d   UCB0STAT
0000006e   UCB0RXBUF
0000006f   UCB0TXBUF
00000118   UCB0I2COA
0000011a   UCB0I2CSA
0000011e   TA1IV
00000120   WDTCTL
00000128   FCTL1
0000012a   FCTL2
0000012c   FCTL3
0000012e   TA0IV
00000160   TA0CTL
00000162   TA0CCTL0
00000164   TA0CCTL1
00000166   TA0CCTL2
00000170   TA0R
00000172   TA0CCR0
00000174   TA0CCR1
00000176   TA0CCR2
00000180   TA1CTL
00000182   TA1CCTL0
00000184   TA1CCTL1
00000186   TA1CCTL2
00000190   TA1R
00000192   TA1CCR0
00000194   TA1CCR1
00000196   TA1CCR2
000001b0   ADC10CTL0
000001b2   ADC10CTL1
000001b4   ADC10MEM
000001bc   ADC10SA
00000220   gpio3
00000222   gpio2
00000224   gpio0
00000227   LEDFLAG
000003b0   _stack
00000400   __STACK_END
000010f8   CALDCO_16MHZ
000010f9   CALBC1_16MHZ
000010fa   CALDCO_12MHZ
000010fb   CALBC1_12MHZ
000010fc   CALDCO_8MHZ
000010fd   CALBC1_8MHZ
000010fe   CALDCO_1MHZ
000010ff   CALBC1_1MHZ
0000c000   range
0000c172   main
0000c26c   port1_ISR
0000c2d6   port2_ISR
0000c3aa   halDigio2IntSetEdge
0000c40e   trxIsrConnect
0000c4d0   _auto_init
0000c52e   readLED
0000c57e   trxClearIntFlag
0000c5ce   trxEnableInt
0000c61e   exp430RfSpiInit
0000c66c   halDigio2IntConnect
0000c6b8   trx8BitRegAccess
0000c6fc   readUpDown
0000c736   halDigio2IntClear
0000c76c   halDigio2IntEnable
0000c7a2   readADC
0000c7d2   __mspabi_slli
0000c7de   __mspabi_slli_15
0000c7e0   __mspabi_slli_14
0000c7e2   __mspabi_slli_13
0000c7e4   __mspabi_slli_12
0000c7e6   __mspabi_slli_11
0000c7e8   __mspabi_slli_10
0000c7ea   __mspabi_slli_9
0000c7ec   __mspabi_slli_8
0000c7ee   __mspabi_slli_7
0000c7f0   __mspabi_slli_6
0000c7f2   __mspabi_slli_5
0000c7f4   __mspabi_slli_4
0000c7f6   __mspabi_slli_3
0000c7f8   __mspabi_slli_2
0000c7fa   __mspabi_slli_1
0000c7fe   trxSpiCmdStrobe
0000c82a   configureADC
0000c850   configureMSP430
0000c8ae   halInitMCU
0000c8ca   _c_int00
0000c8ca   _c_int00_noexit
0000c8e4   configureAIR
0000c8fe   halButtonInit
0000c918   halButtonInterruptEnable
0000c932   WDT_ISR
0000c946   __TI_zero_init
0000c95a   memset
0000c96e   cc11xLSpiWriteReg
0000c980   cc11xLSpiWriteTxFifo
0000c992   __TI_decompress_none
0000c9a4   memcpy
0000c9b6   readLeftJoystick
0000c9c6   readRightJoystick
0000c9d6   __mspabi_func_epilog_7
0000c9d8   __mspabi_func_epilog_6
0000c9da   __mspabi_func_epilog_5
0000c9dc   __mspabi_func_epilog_4
0000c9de   __mspabi_func_epilog_3
0000c9e0   __mspabi_func_epilog_2
0000c9e2   __mspabi_func_epilog_1
0000c9e6   halLedInit
0000c9f4   readDown
0000ca02   readUp
0000ca1c   ADC10_ISR
0000ca24   __TI_decompress_rle24
0000ca2a   halLedToggle
0000ca30   _system_pre_init
0000ca34   C$$EXIT
0000ca34   abort
0000ca90   LEFTRANGE
0000ca9c   RIGHTRANGE
0000cac0   __TI_Handler_Table_Base
0000cac6   __TI_Handler_Table_Limit
0000caca   __TI_CINIT_Base
0000cad2   __TI_CINIT_Limit
0000fffe   _reset_vector
ffffffff   __binit__
ffffffff   __c_args__
ffffffff   binit
UNDEFED    __TI_INITARRAY_Base
UNDEFED    __TI_INITARRAY_Limit

[181 symbols]
