******************************************************************************
                  MSP430 Linker PC v4.1.1                      
******************************************************************************
>> Linked Wed May 01 08:06:21 2013

OUTPUT FILE NAME:   <air_modPWM.out>
ENTRY POINT SYMBOL: "_c_int00"  address: 0000c72a


MEMORY CONFIGURATION

         name            origin    length      used     unused   attr    fill
----------------------  --------  ---------  --------  --------  ----  --------
  SFR                   00000000   00000010  00000000  00000010  RWIX
  PERIPHERALS_8BIT      00000010   000000f0  00000000  000000f0  RWIX
  PERIPHERALS_16BIT     00000100   00000100  00000000  00000100  RWIX
  RAM                   00000200   00000200  00000086  0000017a  RWIX
  INFOD                 00001000   00000040  00000000  00000040  RWIX
  INFOC                 00001040   00000040  00000000  00000040  RWIX
  INFOB                 00001080   00000040  00000000  00000040  RWIX
  INFOA                 000010c0   00000040  00000000  00000040  RWIX
  FLASH                 0000c000   00003fe0  00000a8c  00003554  RWIX
  INT00                 0000ffe0   00000002  00000000  00000002  RWIX
  INT01                 0000ffe2   00000002  00000000  00000002  RWIX
  INT02                 0000ffe4   00000002  00000002  00000000  RWIX
  INT03                 0000ffe6   00000002  00000002  00000000  RWIX
  INT04                 0000ffe8   00000002  00000000  00000002  RWIX
  INT05                 0000ffea   00000002  00000000  00000002  RWIX
  INT06                 0000ffec   00000002  00000000  00000002  RWIX
  INT07                 0000ffee   00000002  00000000  00000002  RWIX
  INT08                 0000fff0   00000002  00000002  00000000  RWIX
  INT09                 0000fff2   00000002  00000002  00000000  RWIX
  INT10                 0000fff4   00000002  00000002  00000000  RWIX
  INT11                 0000fff6   00000002  00000000  00000002  RWIX
  INT12                 0000fff8   00000002  00000002  00000000  RWIX
  INT13                 0000fffa   00000002  00000002  00000000  RWIX
  INT14                 0000fffc   00000002  00000000  00000002  RWIX
  RESET                 0000fffe   00000002  00000002  00000000  RWIX


SECTION ALLOCATION MAP

 output                                  attributes/
section   page    origin      length       input sections
--------  ----  ----------  ----------   ----------------
xdc.meta   0    00000000    000000ec     COPY SECTION
                  00000000    000000ec     main_pe430.oe430 (xdc.meta)

.init_array 
*          0    0000c000    00000000     UNINITIALIZED

.data      0    00000200    0000003c     
                  00000200    00000010     hal_digio2.obj (.data:port1_isr_tbl)
                  00000210    00000010     hal_digio2.obj (.data:port2_isr_tbl)
                  00000220    0000000e     main.obj (.data:Speed)
                  0000022e    00000008     main.obj (.data)
                  00000236    00000006     hal_int_rf_msp_exp430g2.obj (.data)

.TI.persistent 
*          0    00000200    00000000     UNINITIALIZED

.bss       0    0000023c    0000000a     UNINITIALIZED
                  0000023c    00000009     main.obj (.bss)
                  00000245    00000001     hal_board.obj (.bss)

.TI.noinit 
*          0    0000023c    00000000     UNINITIALIZED

.stack     0    000003c0    00000040     UNINITIALIZED
                  000003c0    00000002     ti.targets.msp430.rts430.ae430 : boot.oe430 (.stack)
                  000003c2    0000003e     --HOLE--

.text      0    0000c000    000009fc     
                  0000c000    000000d8     main.obj (.text:runRX)
                  0000c0d8    00000074     hal_msp_exp430g2_spi.obj (.text:trxReadWriteBurstSingle)
                  0000c14c    0000006a     ti.targets.msp430.rts430.ae430 : autoinit.oe430 (.text:_auto_init)
                  0000c1b6    0000006a     hal_digio2.obj (.text:port1_ISR)
                  0000c220    0000006a     hal_digio2.obj (.text:port2_ISR)
                  0000c28a    00000064     hal_digio2.obj (.text:halDigio2IntSetEdge)
                  0000c2ee    00000064     hal_int_rf_msp_exp430g2.obj (.text:trxIsrConnect)
                  0000c352    0000005e     rts430_eabi.lib : copy_decompress_rle.obj (.text:__TI_decompress_rle_core)
                  0000c3b0    00000050     hal_int_rf_msp_exp430g2.obj (.text:trxClearIntFlag)
                  0000c400    00000050     hal_int_rf_msp_exp430g2.obj (.text:trxEnableInt)
                  0000c450    0000004e     hal_msp_exp430g2_spi.obj (.text:exp430RfSpiInit)
                  0000c49e    0000004c     hal_digio2.obj (.text:halDigio2IntConnect)
                  0000c4ea    00000044     hal_msp_exp430g2_spi.obj (.text:trx8BitRegAccess)
                  0000c52e    00000040     main.obj (.text:registerConfig)
                  0000c56e    0000003a     main.obj (.text:updateRight)
                  0000c5a8    00000038     main.obj (.text:configureMSP430)
                  0000c5e0    00000036     hal_digio2.obj (.text:halDigio2IntClear)
                  0000c616    00000036     hal_digio2.obj (.text:halDigio2IntEnable)
                  0000c64c    00000036     main.obj (.text:updateUP)
                  0000c682    0000002c     rts430_eabi.lib : lsl16.obj (.text)
                  0000c6ae    0000002c     hal_msp_exp430g2_spi.obj (.text:trxSpiCmdStrobe)
                  0000c6da    00000028     csl.lib : BCSplus_init.obj (.text:BCSplus_init)
                  0000c702    00000028     main.obj (.text:updateLeft)
                  0000c72a    00000026     ti.targets.msp430.rts430.ae430 : boot.oe430 (.text:_c_int00_noexit)
                  0000c750    00000020     csl.lib : CSL_init.obj (.text:CSL_init)
                  0000c770    00000020             : CSL_init.obj (.text:TIMER0_A1_ISR_HOOK)
                  0000c790    00000020             : CSL_init.obj (.text:TIMER1_A1_ISR_HOOK)
                  0000c7b0    00000020             : Timer0_A3_init.obj (.text:Timer0_A3_init)
                  0000c7d0    00000020             : Timer1_A3_init.obj (.text:Timer1_A3_init)
                  0000c7f0    0000001c             : GPIO_init.obj (.text:GPIO_init)
                  0000c80c    0000001c     hal_board.obj (.text:buttonPressedISR)
                  0000c828    0000001c     hal_board.obj (.text:halInitMCU)
                  0000c844    0000001a     csl.lib : CSL_init.obj (.text:TIMER0_A0_ISR_HOOK)
                  0000c85e    0000001a             : CSL_init.obj (.text:TIMER1_A0_ISR_HOOK)
                  0000c878    0000001a     main.obj (.text:configureAIR)
                  0000c892    0000001a     hal_board.obj (.text:halButtonInit)
                  0000c8ac    0000001a     hal_board.obj (.text:halButtonInterruptEnable)
                  0000c8c6    00000018     main.obj (.text:updateLED)
                  0000c8de    00000014     hal_board.obj (.text:WDT_ISR)
                  0000c8f2    00000014     rts430_eabi.lib : copy_zero_init.obj (.text:decompress:ZI:__TI_zero_init)
                  0000c906    00000014                     : memset.obj (.text:memset)
                  0000c91a    00000012     cc11xL_spi.obj (.text:cc11xLSpiReadReg)
                  0000c92c    00000012     cc11xL_spi.obj (.text:cc11xLSpiReadRxFifo)
                  0000c93e    00000012     cc11xL_spi.obj (.text:cc11xLSpiWriteReg)
                  0000c950    00000012     rts430_eabi.lib : copy_decompress_none.obj (.text:decompress:none:__TI_decompress_none)
                  0000c962    00000012                     : memcpy.obj (.text:memcpy)
                  0000c974    00000010     main.obj (.text:LeftTimerA0_0)
                  0000c984    00000010     main.obj (.text:RightTimerA1_0)
                  0000c994    00000010     rts430_eabi.lib : epilog.obj (.text)
                  0000c9a4    0000000e     hal_board.obj (.text:halLedInit)
                  0000c9b2    0000000e     main.obj (.text:main)
                  0000c9c0    0000000c     main.obj (.text:radioRxTxISR)
                  0000c9cc    00000008     main.obj (.text:LeftTimerA0_1)
                  0000c9d4    00000008     main.obj (.text:RightTimerA1_1)
                  0000c9dc    00000008     csl.lib : WDTplus_init.obj (.text:WDTplus_init)
                  0000c9e4    00000006     rts430_eabi.lib : copy_decompress_rle.obj (.text:decompress:rle24:__TI_decompress_rle24)
                  0000c9ea    00000006     hal_board.obj (.text:halLedToggle)
                  0000c9f0    00000004     csl.lib : System_init.obj (.text:System_init)
                  0000c9f4    00000004     ti.targets.msp430.rts430.ae430 : pre_init.oe430 (.text:_system_pre_init)
                  0000c9f8    00000004     rts430_eabi.lib : exit.obj (.text:abort)

.const     0    0000c9fc    00000058     
                  0000c9fc    00000058     main.obj (.const:preferredSettings)

.cinit     0    0000ca54    00000038     
                  0000ca54    00000025     (.cinit..data.load) [load image, compression = rle]
                  0000ca79    00000001     --HOLE-- [fill = 0]
                  0000ca7a    00000006     (__TI_handler_table)
                  0000ca80    00000004     (.cinit..bss.load) [load image, compression = zero_init]
                  0000ca84    00000008     (__TI_cinit_table)

PORT1      0    0000ffe4    00000002     
                  0000ffe4    00000002     hal_digio2.obj (.int02)

PORT2      0    0000ffe6    00000002     
                  0000ffe6    00000002     hal_digio2.obj (.int03)

TIMER0_A1 
*          0    0000fff0    00000002     
                  0000fff0    00000002     csl.lib : CSL_init.obj (.int08)

TIMER0_A0 
*          0    0000fff2    00000002     
                  0000fff2    00000002     csl.lib : CSL_init.obj (.int09)

WDT        0    0000fff4    00000002     
                  0000fff4    00000002     hal_board.obj (.int10)

TIMER1_A1 
*          0    0000fff8    00000002     
                  0000fff8    00000002     csl.lib : CSL_init.obj (.int12)

TIMER1_A0 
*          0    0000fffa    00000002     
                  0000fffa    00000002     csl.lib : CSL_init.obj (.int13)

.reset     0    0000fffe    00000002     
                  0000fffe    00000002     ti.targets.msp430.rts430.ae430 : boot.oe430 (.reset)


LINKER GENERATED COPY TABLES

__TI_cinit_table @ 0000ca84 records: 2, size/record: 4, table size: 8
	.data: load addr=0000ca54, load size=00000025 bytes, run addr=00000200, run size=0000003c bytes, compression=rle
	.bss: load addr=0000ca80, load size=00000004 bytes, run addr=0000023c, run size=0000000a bytes, compression=zero_init


LINKER GENERATED HANDLER TABLE

__TI_handler_table @ 0000ca7a records: 3, size/record: 2, table size: 6
	index: 0, handler: __TI_zero_init
	index: 1, handler: __TI_decompress_rle24
	index: 2, handler: __TI_decompress_none


GLOBAL SYMBOLS: SORTED ALPHABETICALLY BY Name 

address    name
--------   ----
0000004a   ADC10AE0
000001b0   ADC10CTL0
000001b2   ADC10CTL1
00000048   ADC10DTC0
00000049   ADC10DTC1
000001b4   ADC10MEM
000001bc   ADC10SA
00000057   BCSCTL1
00000058   BCSCTL2
00000053   BCSCTL3
0000c6da   BCSplus_init
0000c9f8   C$$EXIT
00000059   CACTL1
0000005a   CACTL2
000010fb   CALBC1_12MHZ
000010f9   CALBC1_16MHZ
000010ff   CALBC1_1MHZ
000010fd   CALBC1_8MHZ
000010fa   CALDCO_12MHZ
000010f8   CALDCO_16MHZ
000010fe   CALDCO_1MHZ
000010fc   CALDCO_8MHZ
0000005b   CAPD
0000c750   CSL_init
00000056   DCOCTL
00000128   FCTL1
0000012a   FCTL2
0000012c   FCTL3
0000c7f0   GPIO_init
00000000   IE1
00000001   IE2
00000002   IFG1
00000003   IFG2
00000243   LEDCTRL
00000244   LEDON
00000235   LEFTCTRL
00000230   LeftFwRs
0000c974   LeftTimerA0_0
0000c9cc   LeftTimerA0_1
00000022   P1DIR
00000025   P1IE
00000024   P1IES
00000023   P1IFG
00000020   P1IN
00000021   P1OUT
00000027   P1REN
00000026   P1SEL
00000041   P1SEL2
0000002a   P2DIR
0000002d   P2IE
0000002c   P2IES
0000002b   P2IFG
00000028   P2IN
00000029   P2OUT
0000002f   P2REN
0000002e   P2SEL
00000042   P2SEL2
0000001a   P3DIR
00000018   P3IN
00000019   P3OUT
00000010   P3REN
0000001b   P3SEL
00000043   P3SEL2
00000234   RIGHTCTRL
0000022e   RightFwRs
0000c984   RightTimerA1_0
0000c9d4   RightTimerA1_1
00000220   Speed
0000c9f0   System_init
00000172   TA0CCR0
00000174   TA0CCR1
00000176   TA0CCR2
00000162   TA0CCTL0
00000164   TA0CCTL1
00000166   TA0CCTL2
00000160   TA0CTL
0000012e   TA0IV
00000170   TA0R
00000192   TA1CCR0
00000194   TA1CCR1
00000196   TA1CCR2
00000182   TA1CCTL0
00000184   TA1CCTL1
00000186   TA1CCTL2
00000180   TA1CTL
0000011e   TA1IV
00000190   TA1R
0000c844   TIMER0_A0_ISR_HOOK
0000c770   TIMER0_A1_ISR_HOOK
0000c85e   TIMER1_A0_ISR_HOOK
0000c790   TIMER1_A1_ISR_HOOK
0000c7b0   Timer0_A3_init
0000c7d0   Timer1_A3_init
0000005d   UCA0ABCTL
00000062   UCA0BR0
00000063   UCA0BR1
00000060   UCA0CTL0
00000061   UCA0CTL1
0000005f   UCA0IRRCTL
0000005e   UCA0IRTCTL
00000064   UCA0MCTL
00000066   UCA0RXBUF
00000065   UCA0STAT
00000067   UCA0TXBUF
0000006a   UCB0BR0
0000006b   UCB0BR1
00000068   UCB0CTL0
00000069   UCB0CTL1
0000006c   UCB0I2CIE
00000118   UCB0I2COA
0000011a   UCB0I2CSA
0000006e   UCB0RXBUF
0000006d   UCB0STAT
0000006f   UCB0TXBUF
00000242   UPCTRL
00000232   UpFwRs
00000120   WDTCTL
0000c8de   WDT_ISR
0000c9dc   WDTplus_init
00000000   __ASM__
00000062   __ISA__
00000074   __PLAT__
00000400   __STACK_END
00000040   __STACK_SIZE
00000098   __TARG__
0000ca84   __TI_CINIT_Base
0000ca8c   __TI_CINIT_Limit
0000ca7a   __TI_Handler_Table_Base
0000ca80   __TI_Handler_Table_Limit
UNDEFED    __TI_INITARRAY_Base
UNDEFED    __TI_INITARRAY_Limit
00000001   __TI_args_main
0000c950   __TI_decompress_none
0000c9e4   __TI_decompress_rle24
00000001   __TI_exit
0000c8f2   __TI_zero_init
000000c4   __TRDR__
ffffffff   __binit__
ffffffff   __c_args__
0000c9a0   __mspabi_func_epilog_1
0000c99e   __mspabi_func_epilog_2
0000c99c   __mspabi_func_epilog_3
0000c99a   __mspabi_func_epilog_4
0000c998   __mspabi_func_epilog_5
0000c996   __mspabi_func_epilog_6
0000c994   __mspabi_func_epilog_7
0000c682   __mspabi_slli
0000c6aa   __mspabi_slli_1
0000c698   __mspabi_slli_10
0000c696   __mspabi_slli_11
0000c694   __mspabi_slli_12
0000c692   __mspabi_slli_13
0000c690   __mspabi_slli_14
0000c68e   __mspabi_slli_15
0000c6a8   __mspabi_slli_2
0000c6a6   __mspabi_slli_3
0000c6a4   __mspabi_slli_4
0000c6a2   __mspabi_slli_5
0000c6a0   __mspabi_slli_6
0000c69e   __mspabi_slli_7
0000c69c   __mspabi_slli_8
0000c69a   __mspabi_slli_9
0000c14c   _auto_init
0000c72a   _c_int00
0000c72a   _c_int00_noexit
0000fffe   _reset_vector
000003c0   _stack
0000c9f4   _system_pre_init
0000c9f8   abort
ffffffff   binit
0000c91a   cc11xLSpiReadReg
0000c92c   cc11xLSpiReadRxFifo
0000c93e   cc11xLSpiWriteReg
0000c878   configureAIR
0000c5a8   configureMSP430
0000c450   exp430RfSpiInit
0000023a   gpio0
00000238   gpio2
00000236   gpio3
0000c892   halButtonInit
0000c8ac   halButtonInterruptEnable
0000c5e0   halDigio2IntClear
0000c49e   halDigio2IntConnect
0000c616   halDigio2IntEnable
0000c28a   halDigio2IntSetEdge
0000c828   halInitMCU
0000c9a4   halLedInit
0000c9ea   halLedToggle
0000c9b2   main
0000c962   memcpy
0000c906   memset
0000c1b6   port1_ISR
0000c220   port2_ISR
0000c4ea   trx8BitRegAccess
0000c3b0   trxClearIntFlag
0000c400   trxEnableInt
0000c2ee   trxIsrConnect
0000c6ae   trxSpiCmdStrobe
0000c8c6   updateLED
0000c702   updateLeft
0000c56e   updateRight
0000c64c   updateUP
00000000   xdc_runtime_Startup__EXECFXN__C
00000000   xdc_runtime_Startup__RESETFXN__C
00000000   xdc_runtime_Startup_exec__E
00000000   xdc_runtime_Startup_reset__I


GLOBAL SYMBOLS: SORTED BY Symbol Address 

address    name
--------   ----
00000000   IE1
00000000   __ASM__
00000000   xdc_runtime_Startup__EXECFXN__C
00000000   xdc_runtime_Startup__RESETFXN__C
00000000   xdc_runtime_Startup_exec__E
00000000   xdc_runtime_Startup_reset__I
00000001   IE2
00000001   __TI_args_main
00000001   __TI_exit
00000002   IFG1
00000003   IFG2
00000010   P3REN
00000018   P3IN
00000019   P3OUT
0000001a   P3DIR
0000001b   P3SEL
00000020   P1IN
00000021   P1OUT
00000022   P1DIR
00000023   P1IFG
00000024   P1IES
00000025   P1IE
00000026   P1SEL
00000027   P1REN
00000028   P2IN
00000029   P2OUT
0000002a   P2DIR
0000002b   P2IFG
0000002c   P2IES
0000002d   P2IE
0000002e   P2SEL
0000002f   P2REN
00000040   __STACK_SIZE
00000041   P1SEL2
00000042   P2SEL2
00000043   P3SEL2
00000048   ADC10DTC0
00000049   ADC10DTC1
0000004a   ADC10AE0
00000053   BCSCTL3
00000056   DCOCTL
00000057   BCSCTL1
00000058   BCSCTL2
00000059   CACTL1
0000005a   CACTL2
0000005b   CAPD
0000005d   UCA0ABCTL
0000005e   UCA0IRTCTL
0000005f   UCA0IRRCTL
00000060   UCA0CTL0
00000061   UCA0CTL1
00000062   UCA0BR0
00000062   __ISA__
00000063   UCA0BR1
00000064   UCA0MCTL
00000065   UCA0STAT
00000066   UCA0RXBUF
00000067   UCA0TXBUF
00000068   UCB0CTL0
00000069   UCB0CTL1
0000006a   UCB0BR0
0000006b   UCB0BR1
0000006c   UCB0I2CIE
0000006d   UCB0STAT
0000006e   UCB0RXBUF
0000006f   UCB0TXBUF
00000074   __PLAT__
00000098   __TARG__
000000c4   __TRDR__
00000118   UCB0I2COA
0000011a   UCB0I2CSA
0000011e   TA1IV
00000120   WDTCTL
00000128   FCTL1
0000012a   FCTL2
0000012c   FCTL3
0000012e   TA0IV
00000160   TA0CTL
00000162   TA0CCTL0
00000164   TA0CCTL1
00000166   TA0CCTL2
00000170   TA0R
00000172   TA0CCR0
00000174   TA0CCR1
00000176   TA0CCR2
00000180   TA1CTL
00000182   TA1CCTL0
00000184   TA1CCTL1
00000186   TA1CCTL2
00000190   TA1R
00000192   TA1CCR0
00000194   TA1CCR1
00000196   TA1CCR2
000001b0   ADC10CTL0
000001b2   ADC10CTL1
000001b4   ADC10MEM
000001bc   ADC10SA
00000220   Speed
0000022e   RightFwRs
00000230   LeftFwRs
00000232   UpFwRs
00000234   RIGHTCTRL
00000235   LEFTCTRL
00000236   gpio3
00000238   gpio2
0000023a   gpio0
00000242   UPCTRL
00000243   LEDCTRL
00000244   LEDON
000003c0   _stack
00000400   __STACK_END
000010f8   CALDCO_16MHZ
000010f9   CALBC1_16MHZ
000010fa   CALDCO_12MHZ
000010fb   CALBC1_12MHZ
000010fc   CALDCO_8MHZ
000010fd   CALBC1_8MHZ
000010fe   CALDCO_1MHZ
000010ff   CALBC1_1MHZ
0000c14c   _auto_init
0000c1b6   port1_ISR
0000c220   port2_ISR
0000c28a   halDigio2IntSetEdge
0000c2ee   trxIsrConnect
0000c3b0   trxClearIntFlag
0000c400   trxEnableInt
0000c450   exp430RfSpiInit
0000c49e   halDigio2IntConnect
0000c4ea   trx8BitRegAccess
0000c56e   updateRight
0000c5a8   configureMSP430
0000c5e0   halDigio2IntClear
0000c616   halDigio2IntEnable
0000c64c   updateUP
0000c682   __mspabi_slli
0000c68e   __mspabi_slli_15
0000c690   __mspabi_slli_14
0000c692   __mspabi_slli_13
0000c694   __mspabi_slli_12
0000c696   __mspabi_slli_11
0000c698   __mspabi_slli_10
0000c69a   __mspabi_slli_9
0000c69c   __mspabi_slli_8
0000c69e   __mspabi_slli_7
0000c6a0   __mspabi_slli_6
0000c6a2   __mspabi_slli_5
0000c6a4   __mspabi_slli_4
0000c6a6   __mspabi_slli_3
0000c6a8   __mspabi_slli_2
0000c6aa   __mspabi_slli_1
0000c6ae   trxSpiCmdStrobe
0000c6da   BCSplus_init
0000c702   updateLeft
0000c72a   _c_int00
0000c72a   _c_int00_noexit
0000c750   CSL_init
0000c770   TIMER0_A1_ISR_HOOK
0000c790   TIMER1_A1_ISR_HOOK
0000c7b0   Timer0_A3_init
0000c7d0   Timer1_A3_init
0000c7f0   GPIO_init
0000c828   halInitMCU
0000c844   TIMER0_A0_ISR_HOOK
0000c85e   TIMER1_A0_ISR_HOOK
0000c878   configureAIR
0000c892   halButtonInit
0000c8ac   halButtonInterruptEnable
0000c8c6   updateLED
0000c8de   WDT_ISR
0000c8f2   __TI_zero_init
0000c906   memset
0000c91a   cc11xLSpiReadReg
0000c92c   cc11xLSpiReadRxFifo
0000c93e   cc11xLSpiWriteReg
0000c950   __TI_decompress_none
0000c962   memcpy
0000c974   LeftTimerA0_0
0000c984   RightTimerA1_0
0000c994   __mspabi_func_epilog_7
0000c996   __mspabi_func_epilog_6
0000c998   __mspabi_func_epilog_5
0000c99a   __mspabi_func_epilog_4
0000c99c   __mspabi_func_epilog_3
0000c99e   __mspabi_func_epilog_2
0000c9a0   __mspabi_func_epilog_1
0000c9a4   halLedInit
0000c9b2   main
0000c9cc   LeftTimerA0_1
0000c9d4   RightTimerA1_1
0000c9dc   WDTplus_init
0000c9e4   __TI_decompress_rle24
0000c9ea   halLedToggle
0000c9f0   System_init
0000c9f4   _system_pre_init
0000c9f8   C$$EXIT
0000c9f8   abort
0000ca7a   __TI_Handler_Table_Base
0000ca80   __TI_Handler_Table_Limit
0000ca84   __TI_CINIT_Base
0000ca8c   __TI_CINIT_Limit
0000fffe   _reset_vector
ffffffff   __binit__
ffffffff   __c_args__
ffffffff   binit
UNDEFED    __TI_INITARRAY_Base
UNDEFED    __TI_INITARRAY_Limit

[206 symbols]
